Hi,

`c_simple_example`, built in ubuntu 16 with g++ 5.4, is unable to run in ubuntu 14, killed because of Illegal instruction.

Built in ubuntu 16: 

``` sh
$ g++ --version
g++ (Ubuntu 5.4.0-6ubuntu1~16.04.2) 5.4.0 20160609
Copyright (C) 2015 Free Software Foundation, Inc.
This is free software; see the source for copying conditions.  There is NO
warranty; not even for MERCHANTABILITY or FITNESS FOR A PARTICULAR PURPOSE.

$ make static_lib

$ cd examples/

$ make c_simple_example
$ g++ -static c_simple_example.o -oc_simple_example ../librocksdb.a -lpthread -lrt -lsnappy -lgflags -lz -lbz2 -llz4
```

Runs in ubuntu 14:

``` sh
$ ./c_simple_example 
Illegal instruction

$ gdb ./c_simple_example 
GNU gdb (Ubuntu 7.7.1-0ubuntu5~14.04.2) 7.7.1
Copyright (C) 2014 Free Software Foundation, Inc.
License GPLv3+: GNU GPL version 3 or later <http://gnu.org/licenses/gpl.html>
This is free software: you are free to change and redistribute it.
There is NO WARRANTY, to the extent permitted by law.  Type "show copying"
and "show warranty" for details.
This GDB was configured as "x86_64-linux-gnu".
Type "show configuration" for configuration details.
For bug reporting instructions, please see:
<http://www.gnu.org/software/gdb/bugs/>.
Find the GDB manual and other documentation resources online at:
<http://www.gnu.org/software/gdb/documentation/>.
For help, type "help".
Type "apropos word" to search for commands related to "word"...
Reading symbols from ./c_simple_example...done.
(gdb) r
Starting program: /root/c_simple_example 

Program received signal SIGILL, Illegal instruction.
0x0000000000488e33 in _M_bkt_for_elements (this=0xa13660 <rocksdb::db_options_type_info+32>, __n=<optimized out>) at /usr/include/c++/5/bits/hashtable_policy.h:474
474 /usr/include/c++/5/bits/hashtable_policy.h: No such file or directory.
(gdb) c
Continuing.

Program terminated with signal SIGILL, Illegal instruction.
The program no longer exists.
(gdb) q
```

Orginal issue pingcap/tikv#928 

Any help will be appreciated!

